// Jest Snapshot v1, https://goo.gl/fbAQLP

exports[`renders correctly 1`] = `
<RCTScrollView
  style={Object {}}
>
  <View>
    <View
      style={
        Array [
          Object {
            "backgroundColor": "#393e42",
            "borderBottomColor": "#000",
            "borderBottomWidth": 1,
            "borderTopColor": "#000",
            "borderTopWidth": 1,
          },
          Object {
            "backgroundColor": "#e1e8ee",
            "borderBottomColor": "#e1e1e1",
            "borderTopColor": "#e1e1e1",
          },
          undefined,
        ]
      }
    >
      <TextInput
        onChangeText={[Function]}
        placeholder="Search Photos"
        placeholderTextColor="#86939e"
        selectionColor="#86939e"
        style={
          Array [
            Object {
              "backgroundColor": "#303337",
              "borderRadius": 3,
              "color": "#86939e",
              "fontSize": 17.5,
              "height": 30,
              "margin": 8,
              "overflow": "hidden",
              "paddingLeft": 26,
              "paddingRight": 19,
            },
            Object {
              "backgroundColor": "#bdc6cf",
            },
            false,
            Object {
              "borderRadius": 15,
            },
            undefined,
            undefined,
            false,
          ]
        }
        underlineColorAndroid="transparent"
      />
      <Text
        accessible={true}
        allowFontScaling={false}
        disabled={false}
        ellipsizeMode="tail"
        style={
          Array [
            Object {
              "color": "#86939e",
              "fontSize": 16,
            },
            Array [
              Object {
                "backgroundColor": "transparent",
                "position": "absolute",
                "top": 15.5,
              },
              Object {
                "left": 16,
              },
              undefined,
            ],
            Object {
              "fontFamily": "Material Icons",
              "fontStyle": "normal",
              "fontWeight": "normal",
            },
          ]
        }
      >
        î¢¶
      </Text>
    </View>
    <View
      style={
        Object {
          "flex": 1,
          "flexDirection": "row",
          "flexWrap": "wrap",
        }
      }
    >
      <Text
        accessible={true}
        allowFontScaling={true}
        disabled={false}
        ellipsizeMode="tail"
        style={Object {}}
      >
        No Photos
      </Text>
    </View>
  </View>
</RCTScrollView>
`;
