// Jest Snapshot v1, https://goo.gl/fbAQLP

exports[`renders correctly 1`] = `
<Image
  source={
    Object {
      "uri": "https://image.jpeg",
    }
  }
  style={
    Object {
      "flex": 1,
      "resizeMode": "cover",
    }
  }
/>
`;
